[expert-themes.com/html/shangrila/index.html]
[backblue.gif]
[fade.gif]
[index.html]
[expert-themes.com/html/shangrila/css/bootstrap.css]
[expert-themes.com/html/shangrila/plugins/revolution/css/settings.css]
[expert-themes.com/html/shangrila/plugins/revolution/css/layers.css]
[expert-themes.com/html/shangrila/plugins/revolution/css/navigation.css]
[expert-themes.com/html/shangrila/css/style.css]
[expert-themes.com/html/shangrila/css/responsive.css]
[expert-themes.com/html/shangrila/css/color-switcher-design.css]
[expert-themes.com/html/shangrila/css/color-themes/default-theme.css]
[expert-themes.com/html/shangrila/images/favicon.png]
[expert-themes.com/html/shangrila/images/icons/flag-icon.png]
[expert-themes.com/html/shangrila/images/logo.png]
[expert-themes.com/html/shangrila/index-2.html]
[expert-themes.com/html/shangrila/index-3.html]
[expert-themes.com/html/shangrila/index-4.html]
[expert-themes.com/html/shangrila/index-5.html]
[expert-themes.com/html/shangrila/index-6.html]
[expert-themes.com/html/shangrila/index-7.html]
[expert-themes.com/html/shangrila/index-8.html]
[expert-themes.com/html/shangrila/index-9.html]
[expert-themes.com/html/shangrila/index-10.html]
[expert-themes.com/html/shangrila/about.html]
[expert-themes.com/html/shangrila/error-page.html]
[expert-themes.com/html/shangrila/comming-soon.html]
[expert-themes.com/html/shangrila/reservation.html]
[expert-themes.com/html/shangrila/reservation-2.html]
[expert-themes.com/html/shangrila/menu-grid.html]
[expert-themes.com/html/shangrila/menu-list.html]
[expert-themes.com/html/shangrila/menu-classic.html]
[expert-themes.com/html/shangrila/gallery.html]
[expert-themes.com/html/shangrila/gallery-two.html]
[expert-themes.com/html/shangrila/gallery-single.html]
[expert-themes.com/html/shangrila/blog.html]
[expert-themes.com/html/shangrila/blog-single.html]
[expert-themes.com/html/shangrila/shop.html]
[expert-themes.com/html/shangrila/shop-single.html]
[expert-themes.com/html/shangrila/shoping-cart.html]
[expert-themes.com/html/shangrila/checkout.html]
[expert-themes.com/html/shangrila/account.html]
[expert-themes.com/html/shangrila/contact.html]
[expert-themes.com/html/shangrila/images/logo-small.png]
[expert-themes.com/html/shangrila/images/main-slider/image-1.jpg]
[expert-themes.com/html/shangrila/images/main-slider/image-2.jpg]
[expert-themes.com/html/shangrila/images/resource/delicious_1.jpg]
[expert-themes.com/html/shangrila/images/resource/delicious_2.jpg]
[expert-themes.com/html/shangrila/images/resource/delicious_3.jpg]
[expert-themes.com/html/shangrila/images/resource/delicious_4.jpg]
[expert-themes.com/html/shangrila/images/gallery/1.jpg]
[expert-themes.com/html/shangrila/images/gallery/2.jpg]
[expert-themes.com/html/shangrila/images/gallery/3.jpg]
[expert-themes.com/html/shangrila/images/gallery/4.jpg]
[expert-themes.com/html/shangrila/images/gallery/5.jpg]
[expert-themes.com/html/shangrila/images/gallery/6.jpg]
[expert-themes.com/html/shangrila/images/gallery/7.jpg]
[expert-themes.com/html/shangrila/images/gallery/8.jpg]
[expert-themes.com/html/shangrila/images/resource/chef-1.jpg]
[expert-themes.com/html/shangrila/images/resource/chef-2.jpg]
[expert-themes.com/html/shangrila/images/resource/chef-3.jpg]
[expert-themes.com/html/shangrila/images/background/2.jpg]
[expert-themes.com/html/shangrila/images/resource/chef-thumb.jpg]
[expert-themes.com/html/shangrila/images/resource/news-1.jpg]
[expert-themes.com/html/shangrila/images/resource/news-2.jpg]
[expert-themes.com/html/shangrila/images/resource/news-3.jpg]
[expert-themes.com/html/shangrila/how-it-works.html]
[expert-themes.com/html/shangrila/images/resource/cards.png]
[expert-themes.com/html/shangrila/css/color-themes/green-theme.css]
[expert-themes.com/html/shangrila/css/color-themes/blue-theme.css]
[expert-themes.com/html/shangrila/css/color-themes/orange-theme.css]
[expert-themes.com/html/shangrila/css/color-themes/purple-theme.css]
[expert-themes.com/html/shangrila/css/color-themes/teal-theme.css]
[expert-themes.com/html/shangrila/css/color-themes/brown-theme.css]
[expert-themes.com/html/shangrila/css/color-themes/redd-color.css]
[expert-themes.com/html/shangrila/css/color-themes/olive-theme.css]
[expert-themes.com/html/shangrila/css/color-themes/yellow-theme.css]
[expert-themes.com/html/shangrila/css/color-themes/pink-theme.css]
[expert-themes.com/html/shangrila/css/color-themes/hotpink-color.css]
[expert-themes.com/html/shangrila/js/jquery.js]
[expert-themes.com/html/shangrila/js/popper.min.js]
[expert-themes.com/html/shangrila/plugins/revolution/js/jquery.themepunch.revolution.min.js]
[expert-themes.com/html/shangrila/plugins/revolution/js/jquery.themepunch.tools.min.js]
[expert-themes.com/html/shangrila/plugins/revolution/js/extensions/revolution.extension.carousel.min.js]
[expert-themes.com/html/shangrila/plugins/revolution/js/extensions/revolution.extension.actions.min.js]
[expert-themes.com/html/shangrila/plugins/revolution/js/extensions/revolution.extension.kenburn.min.js]
[expert-themes.com/html/shangrila/plugins/revolution/js/extensions/revolution.extension.layeranimation.min.js]
[expert-themes.com/html/shangrila/plugins/revolution/js/extensions/revolution.extension.migration.min.js]
[expert-themes.com/html/shangrila/plugins/revolution/js/extensions/revolution.extension.navigation.min.js]
[expert-themes.com/html/shangrila/plugins/revolution/js/extensions/revolution.extension.parallax.min.js]
[expert-themes.com/html/shangrila/plugins/revolution/js/extensions/revolution.extension.slideanims.min.js]
[expert-themes.com/html/shangrila/plugins/revolution/js/extensions/revolution.extension.video.min.js]
[expert-themes.com/html/shangrila/js/main-slider-script.js]
[expert-themes.com/html/shangrila/js/bootstrap.min.js]
[expert-themes.com/html/shangrila/js/jquery.fancybox.js]
[expert-themes.com/html/shangrila/js/owl.js]
[expert-themes.com/html/shangrila/js/jquery-ui.js]
[expert-themes.com/html/shangrila/js/appear.js]
[expert-themes.com/html/shangrila/js/widget.js]
[expert-themes.com/html/shangrila/js/wow.js]
[expert-themes.com/html/shangrila/js/script.js]
[expert-themes.com/html/shangrila/js/color-settings.js]
[expert-themes.com/html/shangrila/index.html]
[expert-themes.com/html/shangrila/css/bootstrap.css]
[expert-themes.com/html/shangrila/plugins/revolution/fonts/revicons/revicons90c6.eot]
[expert-themes.com/html/shangrila/plugins/revolution/fonts/revicons/revicons90c6.woff]
[expert-themes.com/html/shangrila/plugins/revolution/fonts/revicons/revicons90c6.ttf]
[expert-themes.com/html/shangrila/plugins/revolution/fonts/revicons/revicons90c6.svg]
[expert-themes.com/html/shangrila/plugins/revolution/css/openhand.cur]
[expert-themes.com/html/shangrila/plugins/revolution/css/closedhand.cur]
[expert-themes.com/html/shangrila/plugins/revolution/assets/gridtile.png]
[expert-themes.com/html/shangrila/plugins/revolution/assets/gridtile_white.png]
[expert-themes.com/html/shangrila/plugins/revolution/assets/gridtile_3x3.png]
[expert-themes.com/html/shangrila/plugins/revolution/assets/gridtile_3x3_white.png]
[expert-themes.com/html/shangrila/plugins/revolution/assets/coloredbg.png]
[expert-themes.com/html/shangrila/plugins/revolution/assets/loader.gif]
[expert-themes.com/html/shangrila/plugins/revolution/css/settings.css]
[expert-themes.com/html/shangrila/plugins/revolution/css/layers.css]
[expert-themes.com/html/shangrila/plugins/revolution/css/navigation.css]
[expert-themes.com/html/shangrila/css/font-awesome.css]
[expert-themes.com/html/shangrila/css/flaticon.css]
[expert-themes.com/html/shangrila/css/animate.css]
[expert-themes.com/html/shangrila/css/owl.css]
[expert-themes.com/html/shangrila/css/slick.css]
[expert-themes.com/html/shangrila/css/jquery.fancybox.min.css]
[expert-themes.com/html/shangrila/css/hover.css]
[expert-themes.com/html/shangrila/css/jquery-ui.css]
[expert-themes.com/html/shangrila/css/custom-animate.css]
[expert-themes.com/html/shangrila/css/jquery.bootstrap-touchspin.css]
[expert-themes.com/html/shangrila/images/icons/preloader.svg]
[expert-themes.com/html/shangrila/images/icons/separater.png]
[expert-themes.com/html/shangrila/images/icons/separater-2.png]
[expert-themes.com/html/shangrila/images/icons/icon-cross.png]
[expert-themes.com/html/shangrila/images/icons/icon-select-two.png]
[expert-themes.com/html/shangrila/images/icons/arrow-right.jpg]
[expert-themes.com/html/shangrila/images/icons/quote-icon-2.png]
[expert-themes.com/html/shangrila/css/style.css]
[expert-themes.com/html/shangrila/css/responsive.css]
[expert-themes.com/html/shangrila/images/icons/tick.png]
[expert-themes.com/html/shangrila/css/color-switcher-design.css]
[expert-themes.com/html/shangrila/css/color-themes/default-theme.css]
[expert-themes.com/html/shangrila/images/main-slider/image-3.jpg]
[expert-themes.com/html/shangrila/images/resource/welcome_1.jpg]
[expert-themes.com/html/shangrila/images/resource/welcome_2.jpg]
[expert-themes.com/html/shangrila/images/background/special-bg.jpg]
[expert-themes.com/html/shangrila/images/resource/special-1.jpg]
[expert-themes.com/html/shangrila/images/resource/special-2.jpg]
[expert-themes.com/html/shangrila/images/resource/author-1.png]
[expert-themes.com/html/shangrila/images/resource/author-2.png]
[expert-themes.com/html/shangrila/images/footer-logo.png]
[expert-themes.com/html/shangrila/images/resource/sidebar-gallery-1.jpg]
[expert-themes.com/html/shangrila/images/resource/sidebar-gallery-2.jpg]
[expert-themes.com/html/shangrila/images/resource/sidebar-gallery-3.jpg]
[expert-themes.com/html/shangrila/images/resource/sidebar-gallery-4.jpg]
[expert-themes.com/html/shangrila/images/resource/sidebar-gallery-5.jpg]
[expert-themes.com/html/shangrila/images/resource/sidebar-gallery-6.jpg]
[expert-themes.com/html/shangrila/index-2.html]
[expert-themes.com/html/shangrila/images/background/3.jpg]
[expert-themes.com/html/shangrila/images/logo-2.png]
[expert-themes.com/html/shangrila/images/background/4.jpg]
[expert-themes.com/html/shangrila/images/background/5.jpg]
[expert-themes.com/html/shangrila/images/resource/chicken.png]
[expert-themes.com/html/shangrila/menu-grid-list.html]
[expert-themes.com/html/shangrila/images/resource/dining-item-1.jpg]
[expert-themes.com/html/shangrila/images/resource/dining-item-2.jpg]
[expert-themes.com/html/shangrila/images/resource/dining-item-3.jpg]
[expert-themes.com/html/shangrila/images/resource/dining-item-4.jpg]
[expert-themes.com/html/shangrila/images/clients/1.png]
[expert-themes.com/html/shangrila/images/clients/2.png]
[expert-themes.com/html/shangrila/images/clients/3.png]
[expert-themes.com/html/shangrila/images/clients/4.png]
[expert-themes.com/html/shangrila/images/clients/5.png]
[expert-themes.com/html/shangrila/images/clients/6.png]
[expert-themes.com/html/shangrila/js/pagenav.js]
[expert-themes.com/html/shangrila/index-3.html]
[expert-themes.com/html/shangrila/js/jquery.scrollTo.js]
[expert-themes.com/html/shangrila/videos/video-banner.mp4]
[expert-themes.com/html/shangrila/images/resource/breakfast-1.jpg]
[expert-themes.com/html/shangrila/images/resource/breakfast-2.jpg]
[expert-themes.com/html/shangrila/images/resource/breakfast-3.jpg]
[expert-themes.com/html/shangrila/images/resource/breakfast-4.jpg]
[expert-themes.com/html/shangrila/images/resource/breakfast-5.jpg]
[expert-themes.com/html/shangrila/images/resource/breakfast-6.jpg]
[expert-themes.com/html/shangrila/images/resource/breakfast-8.jpg]
[expert-themes.com/html/shangrila/images/resource/breakfast-7.jpg]
[expert-themes.com/html/shangrila/images/resource/dinner-1.jpg]
[expert-themes.com/html/shangrila/images/resource/dinner-2.jpg]
[expert-themes.com/html/shangrila/images/resource/dinner-3.jpg]
[expert-themes.com/html/shangrila/images/resource/dinner-4.jpg]
[expert-themes.com/html/shangrila/images/resource/table.png]
[expert-themes.com/html/shangrila/index-4.html]
[expert-themes.com/html/shangrila/js/typeit.js]
[expert-themes.com/html/shangrila/images/resource/meu-thumb-1.jpg]
[expert-themes.com/html/shangrila/images/resource/meu-thumb-2.jpg]
[expert-themes.com/html/shangrila/images/resource/meu-thumb-3.jpg]
[expert-themes.com/html/shangrila/images/resource/meu-thumb-4.jpg]
[expert-themes.com/html/shangrila/images/resource/meu-thumb-5.jpg]
[expert-themes.com/html/shangrila/images/resource/meu-thumb-6.jpg]
[expert-themes.com/html/shangrila/images/resource/meu-thumb-7.jpg]
[expert-themes.com/html/shangrila/images/resource/meu-thumb-8.jpg]
[expert-themes.com/html/shangrila/index-5.html]
[expert-themes.com/html/shangrila/images/resource/menu-1.jpg]
[expert-themes.com/html/shangrila/images/resource/menu-2.jpg]
[expert-themes.com/html/shangrila/images/resource/menu-3.jpg]
[expert-themes.com/html/shangrila/images/resource/menu-4.jpg]
[expert-themes.com/html/shangrila/images/resource/menu-5.jpg]
[expert-themes.com/html/shangrila/images/resource/menu-6.jpg]
[expert-themes.com/html/shangrila/images/resource/menu-7.jpg]
[expert-themes.com/html/shangrila/images/resource/menu-8.jpg]
[expert-themes.com/html/shangrila/index-6.html]
[expert-themes.com/html/shangrila/images/gallery/9.jpg]
[expert-themes.com/html/shangrila/images/gallery/10.jpg]
[expert-themes.com/html/shangrila/videos/video-banner.webm]
[expert-themes.com/html/shangrila/images/gallery/11.jpg]
[expert-themes.com/html/shangrila/images/gallery/12.jpg]
[expert-themes.com/html/shangrila/images/gallery/13.jpg]
[expert-themes.com/html/shangrila/images/gallery/14.jpg]
[expert-themes.com/html/shangrila/images/gallery/15.jpg]
[expert-themes.com/html/shangrila/images/gallery/17.jpg]
[expert-themes.com/html/shangrila/reservation-standard.html]
[expert-themes.com/html/shangrila/images/background/8.png]
[expert-themes.com/html/shangrila/images/resource/master-chef.png]
[expert-themes.com/html/shangrila/js/mixitup.js]
[expert-themes.com/html/shangrila/index-7.html]
[expert-themes.com/html/shangrila/images/resource/story-1.jpg]
[expert-themes.com/html/shangrila/images/resource/story-2.jpg]
[expert-themes.com/html/shangrila/images/resource/story-3.jpg]
[expert-themes.com/html/shangrila/images/resource/story-4.jpg]
[expert-themes.com/html/shangrila/index-8.html]
[expert-themes.com/html/shangrila/images/resource/image-1.jpg]
[expert-themes.com/html/shangrila/images/resource/image-2.jpg]
[expert-themes.com/html/shangrila/index-9.html]
[expert-themes.com/html/shangrila/js/map-script.js]
[expert-themes.com/html/shangrila/images/resource/slide-1.jpg]
[expert-themes.com/html/shangrila/index-10.html]
[expert-themes.com/html/shangrila/images/background/7.jpg]
[expert-themes.com/html/shangrila/about.html]
[expert-themes.com/html/shangrila/error-page.html]
[expert-themes.com/html/shangrila/comming-soon.html]
[expert-themes.com/html/shangrila/reservation.html]
[expert-themes.com/html/shangrila/reservation-2.html]
[expert-themes.com/html/shangrila/js/jquery.countdown.js]
[expert-themes.com/html/shangrila/images/resource/dish-1.jpg]
[expert-themes.com/html/shangrila/images/resource/dish-2.jpg]
[expert-themes.com/html/shangrila/images/resource/dish-3.jpg]
[expert-themes.com/html/shangrila/images/resource/dish-9.jpg]
[expert-themes.com/html/shangrila/images/resource/dish-10.jpg]
[expert-themes.com/html/shangrila/images/resource/dish-11.jpg]
[expert-themes.com/html/shangrila/images/resource/dish-12.jpg]
[expert-themes.com/html/shangrila/images/resource/dish-13.jpg]
[expert-themes.com/html/shangrila/images/resource/dish-14.jpg]
[expert-themes.com/html/shangrila/menu-grid.html]
[expert-themes.com/html/shangrila/menu-list.html]
[expert-themes.com/html/shangrila/images/resource/dish-4.jpg]
[expert-themes.com/html/shangrila/images/resource/dish-5.jpg]
[expert-themes.com/html/shangrila/images/resource/dish-6.jpg]
[expert-themes.com/html/shangrila/images/resource/dish-7.jpg]
[expert-themes.com/html/shangrila/images/resource/dish-8.jpg]
[expert-themes.com/html/shangrila/images/resource/dish-15.jpg]
[expert-themes.com/html/shangrila/images/resource/dish-16.jpg]
[expert-themes.com/html/shangrila/images/resource/dish-17.jpg]
[expert-themes.com/html/shangrila/images/resource/dish-18.jpg]
[expert-themes.com/html/shangrila/menu-classic.html]
[expert-themes.com/html/shangrila/gallery.html]
[expert-themes.com/html/shangrila/gallery-two.html]
[expert-themes.com/html/shangrila/images/resource/gallery-single.jpg]
[expert-themes.com/html/shangrila/images/resource/project-1.jpg]
[expert-themes.com/html/shangrila/gallery-single.html]
[expert-themes.com/html/shangrila/js/validate.js]
[expert-themes.com/html/shangrila/blog.html]
[expert-themes.com/html/shangrila/images/resource/news-4.jpg]
[expert-themes.com/html/shangrila/images/resource/author-1.jpg]
[expert-themes.com/html/shangrila/images/resource/author-2.jpg]
[expert-themes.com/html/shangrila/blog-single.html]
[expert-themes.com/html/shangrila/images/resource/products/1.jpg]
[expert-themes.com/html/shangrila/images/resource/products/2.jpg]
[expert-themes.com/html/shangrila/images/resource/products/3.jpg]
[expert-themes.com/html/shangrila/images/resource/products/4.jpg]
[expert-themes.com/html/shangrila/images/resource/products/5.jpg]
[expert-themes.com/html/shangrila/images/resource/products/6.jpg]
[expert-themes.com/html/shangrila/images/resource/products/7.jpg]
[expert-themes.com/html/shangrila/images/resource/products/8.jpg]
[expert-themes.com/html/shangrila/images/resource/products/9.jpg]
[expert-themes.com/html/shangrila/images/resource/products/prod-thumb-1.jpg]
[expert-themes.com/html/shangrila/images/resource/products/prod-thumb-2.jpg]
[expert-themes.com/html/shangrila/images/resource/products/prod-thumb-3.jpg]
[expert-themes.com/html/shangrila/shop.html]
[expert-themes.com/html/shangrila/images/resource/products/10.jpg]
[expert-themes.com/html/shangrila/shop-single.html]
[expert-themes.com/html/shangrila/js/jquery.bootstrap-touchspin.js]
[expert-themes.com/html/shangrila/images/resource/products/11.jpg]
[expert-themes.com/html/shangrila/images/resource/products/12.jpg]
[expert-themes.com/html/shangrila/shoping-cart.html]
[expert-themes.com/html/shangrila/checkout.html]
[expert-themes.com/html/shangrila/account.html]
[expert-themes.com/html/shangrila/contact.html]
[expert-themes.com/html/shangrila/how-it-works.html]
[expert-themes.com/html/shangrila/css/color-themes/green-theme.css]
[expert-themes.com/html/shangrila/css/color-themes/blue-theme.css]
[expert-themes.com/html/shangrila/css/color-themes/orange-theme.css]
[expert-themes.com/html/shangrila/css/color-themes/purple-theme.css]
[expert-themes.com/html/shangrila/css/color-themes/teal-theme.css]
[expert-themes.com/html/shangrila/css/color-themes/brown-theme.css]
[expert-themes.com/html/shangrila/css/color-themes/redd-color.css]
[expert-themes.com/html/shangrila/css/color-themes/olive-theme.css]
[expert-themes.com/html/shangrila/css/color-themes/yellow-theme.css]
[expert-themes.com/html/shangrila/css/color-themes/pink-theme.css]
[expert-themes.com/html/shangrila/css/color-themes/hotpink-color.css]
[expert-themes.com/html/shangrila/js/jquery.js]
[expert-themes.com/html/shangrila/js/popper.min.js]
[expert-themes.com/html/shangrila/themepunch.revolution.min.js]
[expert-themes.com/html/shangrila/jquery.themepunch.revolution.min.js]
[expert-themes.com/html/shangrila/jquery.themepunch.revolution.js]
[expert-themes.com/html/shangrila/images/transparent.png]
[expert-themes.com/html/shangrila/assets/transparent.png]
[expert-themes.com/html/shangrila/plugins/revolution/js/jquery.themepunch.revolution.min.js]
[expert-themes.com/html/shangrila/TweenLite.js]
[expert-themes.com/html/TweenLite.js]
[expert-themes.com/html/shangrila/plugins/revolution/js/jquery.themepunch.tools.min.js]
[expert-themes.com/html/shangrila/plugins/revolution/js/extensions/revolution.extension.actions.min.js]
[expert-themes.com/html/shangrila/plugins/revolution/js/extensions/revolution.extension.carousel.min.js]
[expert-themes.com/html/shangrila/plugins/revolution/js/extensions/revolution.extension.kenburn.min.js]
[expert-themes.com/html/shangrila/plugins/revolution/js/extensions/revolution.extension.layeranimation.min.js]
[expert-themes.com/html/shangrila/plugins/revolution/js/extensions/revolution.extension.migration.min.js]
[expert-themes.com/html/shangrila/plugins/revolution/js/extensions/revolution.extension.navigation.min.js]
[expert-themes.com/html/shangrila/plugins/revolution/js/extensions/revolution.extension.parallax.min.js]
[expert-themes.com/html/shangrila/plugins/revolution/js/extensions/revolution.extension.slideanims.min.js]
[expert-themes.com/html/shangrila/Version/index.html]
[expert-themes.com/html/shangrila/plugins/revolution/js/extensions/revolution.extension.video.min.js]
[expert-themes.com/html/shangrila/js/main-slider-script.js]
[expert-themes.com/html/shangrila/popper.108.delayed]
[expert-themes.com/html/shangrila/js/bootstrap.min.js]
[expert-themes.com/html/shangrila/js/jquery.fancybox.js]
[expert-themes.com/html/shangrila/js/jquery-ui.js]
[expert-themes.com/html/shangrila/js/owl.js]
[expert-themes.com/html/shangrila/canvas.c]
[expert-themes.com/html/shangrila/js/widget.js]
[expert-themes.com/html/shangrila/js/appear.js]
[expert-themes.com/html/shangrila/js/wow.js]
[expert-themes.com/html/shangrila/js/script.js]
[expert-themes.com/html/shangrila/js/color-settings.js]
[expert-themes.com/html/shangrila/plugins/revolution/fonts/revicons/revicons90c6.svg]
[expert-themes.com/html/shangrila/fonts/fontawesome-webfont914c.eot]
[expert-themes.com/html/shangrila/fonts/fontawesome-webfont914c.woff2]
[expert-themes.com/html/shangrila/fonts/fontawesome-webfontd41d.eot]
[expert-themes.com/html/shangrila/fonts/fontawesome-webfont914c.woff]
[expert-themes.com/html/shangrila/fonts/fontawesome-webfont914c.ttf]
[expert-themes.com/html/shangrila/css/font-awesome.css]
[expert-themes.com/html/shangrila/fonts/fontawesome-webfont914c.svg]
[expert-themes.com/html/shangrila/fonts/flaticon.eot]
[expert-themes.com/html/shangrila/fonts/flaticond41d.eot]
[expert-themes.com/html/shangrila/fonts/flaticon.woff]
[expert-themes.com/html/shangrila/fonts/flaticon.ttf]
[expert-themes.com/html/shangrila/css/flaticon.css]
[expert-themes.com/html/shangrila/css/animate.css]
[expert-themes.com/html/shangrila/fonts/flaticon.svg]
[expert-themes.com/html/shangrila/css/owl.video.play.png]
[expert-themes.com/html/shangrila/css/owl.css]
[expert-themes.com/html/shangrila/css/slick.css]
[expert-themes.com/html/shangrila/css/jquery.fancybox.min.css]
[expert-themes.com/html/shangrila/css/hover.css]
[expert-themes.com/html/shangrila/css/images/ui-icons_444444_256x240.png]
[expert-themes.com/html/shangrila/css/images/ui-icons_777620_256x240.png]
[expert-themes.com/html/shangrila/css/images/ui-icons_cc0000_256x240.png]
[expert-themes.com/html/shangrila/css/images/ui-icons_777777_256x240.png]
[expert-themes.com/html/shangrila/css/jquery-ui.css]
[expert-themes.com/html/shangrila/css/custom-animate.css]
[expert-themes.com/html/shangrila/css/jquery.bootstrap-touchspin.css]
[expert-themes.com/html/shangrila/images/icons/preloader.svg]
[expert-themes.com/html/shangrila/menu-grid-list.html]
[expert-themes.com/html/shangrila/js/pagenav.js]
[expert-themes.com/html/shangrila/js/jquery.scrollTo.js]
[expert-themes.com/html/shangrila/js/typeit.js]
[expert-themes.com/html/shangrila/reservation-standard.html]
[expert-themes.com/html/shangrila/js/mixitup.js]
[expert-themes.com/html/shangrila/js/map-script.js]
[expert-themes.com/html/shangrila/js/jquery.countdown.js]
[expert-themes.com/html/shangrila/js/validate.js]
[expert-themes.com/html/shangrila/js/jquery.bootstrap-touchspin.js]
[expert-themes.com/html/shangrila/themepunch.revolution.min.html]
[expert-themes.com/html/shangrila/jquery.themepunch.revolution.min.html]
[expert-themes.com/html/shangrila/jquery.themepunch.revolution.html]
[expert-themes.com/html/shangrila/images/transparent.html]
[expert-themes.com/html/shangrila/assets/transparent.html]
[expert-themes.com/html/shangrila/TweenLite.html]
[expert-themes.com/html/TweenLite.html]
[expert-themes.com/html/shangrila/Version/index.html]
[expert-themes.com/html/shangrila/popper.html]
[expert-themes.com/html/shangrila/specified parentLocale is not defined yet. See http_/momentjs.com/guides/index.html]
[expert-themes.com/html/shangrila/canvas.html]
[expert-themes.com/html/shangrila/fonts/fontawesome-webfont914c.svg]
[expert-themes.com/html/shangrila/fonts/flaticon.svg]
[expert-themes.com/html/shangrila/css/owl.video.play.html]
[expert-themes.com/html/shangrila/css/images/ui-icons_444444_256x240.html]
[expert-themes.com/html/shangrila/css/images/ui-icons_777620_256x240.html]
[expert-themes.com/html/shangrila/css/images/ui-icons_cc0000_256x240.html]
[expert-themes.com/html/shangrila/css/images/ui-icons_777777_256x240.html]
[secure-a.vimeocdn.com/js/froogaloop2.min.html]
